// Jest Snapshot v1, https://goo.gl/fbAQLP

exports[`Should return expenseList with all the test_expenses 1`] = `
<div>
  <h1>
    Expense List
  </h1>
  <ExpenseListItem
    amount={50000}
    createdAt={345600000}
    description="Rent"
    id="1"
    key="1"
    note="every month"
  />
  <ExpenseListItem
    amount={4500}
    createdAt={-345600000}
    description="Credit Card"
    id="2"
    key="2"
    note=""
  />
  <ExpenseListItem
    amount={195}
    createdAt={0}
    description="Gum"
    id="3"
    key="3"
    note=""
  />
</div>
`;


exports[`Should return expenseList with empty message 1`] = `
<div>
  <h1>
    Expense List
  </h1>
  <p>
    No expenses
  </p>
</div>
`;
