// Jest Snapshot v1, https://goo.gl/fbAQLP

exports[`Should return an expenseListItem 1`] = `
<div>
  <Link
    replace={false}
    to="/edit/1"
  >
    <h3>
      Rent
    </h3>
  </Link>
  <p>
    $500.00
    -
    January 5th, 1970
  </p>
</div>
`;
